[  +24 ms] executing: sysctl hw.optional.arm64
[   +3 ms] Exit code 0 from: sysctl hw.optional.arm64
[        ] hw.optional.arm64: 1
[   +3 ms] Artifact Instance of 'MaterialFonts' is not required, skipping update.
[        ] Artifact Instance of 'GradleWrapper' is not required, skipping update.
[        ] Artifact Instance of 'AndroidGenSnapshotArtifacts' is not required, skipping update.
[        ] Artifact Instance of 'AndroidInternalBuildArtifacts' is not required, skipping update.
[        ] Artifact Instance of 'IOSEngineArtifacts' is not required, skipping update.
[        ] Artifact Instance of 'FlutterWebSdk' is not required, skipping update.
[        ] Artifact Instance of 'LegacyCanvasKitRemover' is not required, skipping update.
[        ] Artifact Instance of 'FlutterSdk' is not required, skipping update.
[        ] Artifact Instance of 'WindowsEngineArtifacts' is not required, skipping update.
[        ] Artifact Instance of 'MacOSEngineArtifacts' is not required, skipping update.
[        ] Artifact Instance of 'LinuxEngineArtifacts' is not required, skipping update.
[        ] Artifact Instance of 'LinuxFuchsiaSDKArtifacts' is not required, skipping update.
[        ] Artifact Instance of 'MacOSFuchsiaSDKArtifacts' is not required, skipping update.
[        ] Artifact Instance of 'FlutterRunnerSDKArtifacts' is not required, skipping update.
[        ] Artifact Instance of 'FlutterRunnerDebugSymbols' is not required, skipping update.
[        ] Artifact Instance of 'IosUsbArtifacts' is not required, skipping update.
[        ] Artifact Instance of 'IosUsbArtifacts' is not required, skipping update.
[        ] Artifact Instance of 'IosUsbArtifacts' is not required, skipping update.
[        ] Artifact Instance of 'IosUsbArtifacts' is not required, skipping update.
[        ] Artifact Instance of 'IosUsbArtifacts' is not required, skipping update.
[        ] Artifact Instance of 'IosUsbArtifacts' is not required, skipping update.
[        ] Artifact Instance of 'FontSubsetArtifacts' is not required, skipping update.
[        ] Artifact Instance of 'PubDependencies' is not required, skipping update.
[  +29 ms] Found 1 files which will be executed as Widget Tests.
[   +2 ms] Artifact Instance of 'AndroidGenSnapshotArtifacts' is not required, skipping update.
[        ] Artifact Instance of 'AndroidInternalBuildArtifacts' is not required, skipping update.
[        ] Artifact Instance of 'IOSEngineArtifacts' is not required, skipping update.
[        ] Artifact Instance of 'FlutterWebSdk' is not required, skipping update.
[        ] Artifact Instance of 'FlutterEngineStamp' is not required, skipping update.
[        ] Artifact Instance of 'LegacyCanvasKitRemover' is not required, skipping update.
[        ] Artifact Instance of 'WindowsEngineArtifacts' is not required, skipping update.
[        ] Artifact Instance of 'MacOSEngineArtifacts' is not required, skipping update.
[        ] Artifact Instance of 'LinuxEngineArtifacts' is not required, skipping update.
[        ] Artifact Instance of 'LinuxFuchsiaSDKArtifacts' is not required, skipping update.
[        ] Artifact Instance of 'MacOSFuchsiaSDKArtifacts' is not required, skipping update.
[        ] Artifact Instance of 'FlutterRunnerSDKArtifacts' is not required, skipping update.
[        ] Artifact Instance of 'FlutterRunnerDebugSymbols' is not required, skipping update.
[  +17 ms] Artifact Instance of 'MaterialFonts' is not required, skipping update.
[        ] Artifact Instance of 'GradleWrapper' is not required, skipping update.
[        ] Artifact Instance of 'AndroidGenSnapshotArtifacts' is not required, skipping update.
[        ] Artifact Instance of 'AndroidInternalBuildArtifacts' is not required, skipping update.
[        ] Artifact Instance of 'IOSEngineArtifacts' is not required, skipping update.
[        ] Artifact Instance of 'FlutterWebSdk' is not required, skipping update.
[        ] Artifact Instance of 'FlutterEngineStamp' is not required, skipping update.
[        ] Artifact Instance of 'LegacyCanvasKitRemover' is not required, skipping update.
[        ] Artifact Instance of 'FlutterSdk' is not required, skipping update.
[        ] Artifact Instance of 'WindowsEngineArtifacts' is not required, skipping update.
[        ] Artifact Instance of 'MacOSEngineArtifacts' is not required, skipping update.
[        ] Artifact Instance of 'LinuxEngineArtifacts' is not required, skipping update.
[        ] Artifact Instance of 'LinuxFuchsiaSDKArtifacts' is not required, skipping update.
[        ] Artifact Instance of 'MacOSFuchsiaSDKArtifacts' is not required, skipping update.
[        ] Artifact Instance of 'FlutterRunnerSDKArtifacts' is not required, skipping update.
[        ] Artifact Instance of 'FlutterRunnerDebugSymbols' is not required, skipping update.
[        ] Artifact Instance of 'IosUsbArtifacts' is not required, skipping update.
[        ] Artifact Instance of 'IosUsbArtifacts' is not required, skipping update.
[        ] Artifact Instance of 'IosUsbArtifacts' is not required, skipping update.
[        ] Artifact Instance of 'IosUsbArtifacts' is not required, skipping update.
[        ] Artifact Instance of 'IosUsbArtifacts' is not required, skipping update.
[        ] Artifact Instance of 'IosUsbArtifacts' is not required, skipping update.
[        ] Artifact Instance of 'FontSubsetArtifacts' is not required, skipping update.
[        ] Artifact Instance of 'PubDependencies' is not required, skipping update.
[  +15 ms] executing: [/Users/md.shohanurrahaman/Documents/shohan_project/portfolio/] /Users/md.shohanurrahaman/Documents/flutter/bin/cache/dart-sdk/bin/dart pub --suppress-analytics --directory . get --example
Resolving dependencies...
Downloading packages...
  characters 1.4.0 (1.4.1 available)
  crypto 3.0.6 (3.0.7 available)
  ffi 2.1.4 (2.2.0 available)
  flutter_lints 5.0.0 (6.0.0 available)
  google_fonts 6.3.1 (8.0.1 available)
  http 1.5.0 (1.6.0 available)
  lints 5.1.1 (6.1.0 available)
  matcher 0.12.17 (0.12.18 available)
  material_color_utilities 0.11.1 (0.13.0 available)
  meta 1.16.0 (1.18.1 available)
  path_provider_android 2.2.18 (2.2.22 available)
  path_provider_foundation 2.4.2 (2.6.0 available)
  source_span 1.10.1 (1.10.2 available)
  test_api 0.7.6 (0.7.9 available)
  url_launcher_android 6.3.18 (6.3.28 available)
  url_launcher_ios 6.3.4 (6.4.1 available)
  url_launcher_linux 3.2.1 (3.2.2 available)
  url_launcher_macos 3.2.3 (3.2.5 available)
  url_launcher_web 2.4.1 (2.4.2 available)
  url_launcher_windows 3.1.4 (3.1.5 available)
  vm_service 15.0.0 (15.0.2 available)
Got dependencies!
21 packages have newer versions incompatible with dependency constraints.
Try `flutter pub outdated` for more information.
[ +547 ms] Found plugin url_launcher at /Users/md.shohanurrahaman/.pub-cache/hosted/pub.dev/url_launcher-6.3.2/
[   +1 ms] Found plugin url_launcher_windows at /Users/md.shohanurrahaman/.pub-cache/hosted/pub.dev/url_launcher_windows-3.1.4/
[   +1 ms] Found plugin url_launcher_web at /Users/md.shohanurrahaman/.pub-cache/hosted/pub.dev/url_launcher_web-2.4.1/
[   +1 ms] Found plugin url_launcher_macos at /Users/md.shohanurrahaman/.pub-cache/hosted/pub.dev/url_launcher_macos-3.2.3/
[   +1 ms] Found plugin url_launcher_linux at /Users/md.shohanurrahaman/.pub-cache/hosted/pub.dev/url_launcher_linux-3.2.1/
[   +1 ms] Found plugin url_launcher_ios at /Users/md.shohanurrahaman/.pub-cache/hosted/pub.dev/url_launcher_ios-6.3.4/
[   +2 ms] Found plugin url_launcher_android at /Users/md.shohanurrahaman/.pub-cache/hosted/pub.dev/url_launcher_android-6.3.18/
[   +1 ms] Found plugin path_provider at /Users/md.shohanurrahaman/.pub-cache/hosted/pub.dev/path_provider-2.1.5/
[        ] Found plugin path_provider_windows at /Users/md.shohanurrahaman/.pub-cache/hosted/pub.dev/path_provider_windows-2.3.0/
[   +1 ms] Found plugin path_provider_linux at /Users/md.shohanurrahaman/.pub-cache/hosted/pub.dev/path_provider_linux-2.2.1/
[        ] Found plugin path_provider_foundation at /Users/md.shohanurrahaman/.pub-cache/hosted/pub.dev/path_provider_foundation-2.4.2/
[        ] Found plugin path_provider_android at /Users/md.shohanurrahaman/.pub-cache/hosted/pub.dev/path_provider_android-2.2.18/
[  +36 ms] Found plugin url_launcher at /Users/md.shohanurrahaman/.pub-cache/hosted/pub.dev/url_launcher-6.3.2/
[        ] Found plugin url_launcher_windows at /Users/md.shohanurrahaman/.pub-cache/hosted/pub.dev/url_launcher_windows-3.1.4/
[        ] Found plugin url_launcher_web at /Users/md.shohanurrahaman/.pub-cache/hosted/pub.dev/url_launcher_web-2.4.1/
[   +1 ms] Found plugin url_launcher_macos at /Users/md.shohanurrahaman/.pub-cache/hosted/pub.dev/url_launcher_macos-3.2.3/
[        ] Found plugin url_launcher_linux at /Users/md.shohanurrahaman/.pub-cache/hosted/pub.dev/url_launcher_linux-3.2.1/
[        ] Found plugin url_launcher_ios at /Users/md.shohanurrahaman/.pub-cache/hosted/pub.dev/url_launcher_ios-6.3.4/
[        ] Found plugin url_launcher_android at /Users/md.shohanurrahaman/.pub-cache/hosted/pub.dev/url_launcher_android-6.3.18/
[   +1 ms] Found plugin path_provider at /Users/md.shohanurrahaman/.pub-cache/hosted/pub.dev/path_provider-2.1.5/
[        ] Found plugin path_provider_windows at /Users/md.shohanurrahaman/.pub-cache/hosted/pub.dev/path_provider_windows-2.3.0/
[   +4 ms] Found plugin path_provider_linux at /Users/md.shohanurrahaman/.pub-cache/hosted/pub.dev/path_provider_linux-2.2.1/
[   +1 ms] Found plugin path_provider_foundation at /Users/md.shohanurrahaman/.pub-cache/hosted/pub.dev/path_provider_foundation-2.4.2/
[        ] Found plugin path_provider_android at /Users/md.shohanurrahaman/.pub-cache/hosted/pub.dev/path_provider_android-2.2.18/
[   +6 ms] Skipping generating web_plugin_registrant.dart because it is up-to-date.
[   +9 ms] Found plugin url_launcher at /Users/md.shohanurrahaman/.pub-cache/hosted/pub.dev/url_launcher-6.3.2/
[        ] Found plugin url_launcher_windows at /Users/md.shohanurrahaman/.pub-cache/hosted/pub.dev/url_launcher_windows-3.1.4/
[        ] Found plugin url_launcher_web at /Users/md.shohanurrahaman/.pub-cache/hosted/pub.dev/url_launcher_web-2.4.1/
[        ] Found plugin url_launcher_macos at /Users/md.shohanurrahaman/.pub-cache/hosted/pub.dev/url_launcher_macos-3.2.3/
[        ] Found plugin url_launcher_linux at /Users/md.shohanurrahaman/.pub-cache/hosted/pub.dev/url_launcher_linux-3.2.1/
[        ] Found plugin url_launcher_ios at /Users/md.shohanurrahaman/.pub-cache/hosted/pub.dev/url_launcher_ios-6.3.4/
[        ] Found plugin url_launcher_android at /Users/md.shohanurrahaman/.pub-cache/hosted/pub.dev/url_launcher_android-6.3.18/
[        ] Found plugin path_provider at /Users/md.shohanurrahaman/.pub-cache/hosted/pub.dev/path_provider-2.1.5/
[        ] Found plugin path_provider_windows at /Users/md.shohanurrahaman/.pub-cache/hosted/pub.dev/path_provider_windows-2.3.0/
[        ] Found plugin path_provider_linux at /Users/md.shohanurrahaman/.pub-cache/hosted/pub.dev/path_provider_linux-2.2.1/
[        ] Found plugin path_provider_foundation at /Users/md.shohanurrahaman/.pub-cache/hosted/pub.dev/path_provider_foundation-2.4.2/
[        ] Found plugin path_provider_android at /Users/md.shohanurrahaman/.pub-cache/hosted/pub.dev/path_provider_android-2.2.18/
[   +3 ms] Generating /Users/md.shohanurrahaman/Documents/shohan_project/portfolio/android/app/src/main/java/io/flutter/plugins/GeneratedPluginRegistrant.java
[        ] Skipping generating GeneratedPluginRegistrant.java because it is up-to-date.
[   +1 ms] Skipping generating generated_plugin_registrant.h because it is up-to-date.
[        ] Skipping generating generated_plugin_registrant.cc because it is up-to-date.
[   +1 ms] Skipping generating generated_plugins.cmake because it is up-to-date.
[        ] Skipping generating generated_plugin_registrant.h because it is up-to-date.
[        ] Skipping generating generated_plugin_registrant.cc because it is up-to-date.
[        ] Skipping generating generated_plugins.cmake because it is up-to-date.
[        ] Skipping generating GeneratedPluginRegistrant.h because it is up-to-date.
[        ] Skipping generating GeneratedPluginRegistrant.m because it is up-to-date.
[        ] Skipping generating GeneratedPluginRegistrant.swift because it is up-to-date.
[   +5 ms] executing: sysctl hw.optional.arm64
[   +2 ms] Exit code 0 from: sysctl hw.optional.arm64
[        ] hw.optional.arm64: 1
[        ] executing: /usr/bin/arch -arm64e xcrun xcodebuild -version
[  +69 ms] Exit code 0 from: /usr/bin/arch -arm64e xcrun xcodebuild -version
[        ] Xcode 16.3
           Build version 16E140
[  +59 ms] No packages with native assets. Skipping native assets compilation.
[        ] Writing native assets json to file:///Users/md.shohanurrahaman/Documents/shohan_project/portfolio/build/native_assets/macos/native_assets.json.
[        ] Writing /Users/md.shohanurrahaman/Documents/shohan_project/portfolio/build/native_assets/macos/native_assets.json done.
[  +52 ms] Manifest contained wildcard assets. Inserting missing file into build graph to force rerun. for more information see #56466.
[   +5 ms] running test package with arguments: [--no-color, --chain-stack-traces, --, file:///Users/md.shohanurrahaman/Documents/shohan_project/portfolio/test/project_card_test.dart?]
00:00 +0: loading /Users/md.shohanurrahaman/Documents/shohan_project/portfolio/test/project_card_test.dart                                                                                             [  +71 ms] test 0: starting test /Users/md.shohanurrahaman/Documents/shohan_project/portfolio/test/project_card_test.dart
[   +1 ms] Stopping scan for flutter_test_config.dart; found project root at /Users/md.shohanurrahaman/Documents/shohan_project/portfolio
[   +1 ms] Compiler will use the following file as its incremental dill file: /var/folders/yw/_64cp9jj5jz4537rj9sns_m40000gn/T/flutter_tools.heWoeP/flutter_test_compiler.4igvZF/output.dill
[        ] Listening to compiler controller...
[   +2 ms] Compiling file:///var/folders/yw/_64cp9jj5jz4537rj9sns_m40000gn/T/flutter_tools.heWoeP/flutter_test_listener.iAUqtA/listener.dart
[  +13 ms] Found plugin url_launcher at /Users/md.shohanurrahaman/.pub-cache/hosted/pub.dev/url_launcher-6.3.2/
[        ] Found plugin url_launcher_windows at /Users/md.shohanurrahaman/.pub-cache/hosted/pub.dev/url_launcher_windows-3.1.4/
[        ] Found plugin url_launcher_web at /Users/md.shohanurrahaman/.pub-cache/hosted/pub.dev/url_launcher_web-2.4.1/
[        ] Found plugin url_launcher_macos at /Users/md.shohanurrahaman/.pub-cache/hosted/pub.dev/url_launcher_macos-3.2.3/
[        ] Found plugin url_launcher_linux at /Users/md.shohanurrahaman/.pub-cache/hosted/pub.dev/url_launcher_linux-3.2.1/
[        ] Found plugin url_launcher_ios at /Users/md.shohanurrahaman/.pub-cache/hosted/pub.dev/url_launcher_ios-6.3.4/
[        ] Found plugin url_launcher_android at /Users/md.shohanurrahaman/.pub-cache/hosted/pub.dev/url_launcher_android-6.3.18/
[        ] Found plugin path_provider at /Users/md.shohanurrahaman/.pub-cache/hosted/pub.dev/path_provider-2.1.5/
[        ] Found plugin path_provider_windows at /Users/md.shohanurrahaman/.pub-cache/hosted/pub.dev/path_provider_windows-2.3.0/
[        ] Found plugin path_provider_linux at /Users/md.shohanurrahaman/.pub-cache/hosted/pub.dev/path_provider_linux-2.2.1/
[        ] Found plugin path_provider_foundation at /Users/md.shohanurrahaman/.pub-cache/hosted/pub.dev/path_provider_foundation-2.4.2/
[        ] Found plugin path_provider_android at /Users/md.shohanurrahaman/.pub-cache/hosted/pub.dev/path_provider_android-2.2.18/
[   +5 ms] Skipping generating dart_plugin_registrant.dart because it is up-to-date.
[   +1 ms] /Users/md.shohanurrahaman/Documents/flutter/bin/cache/dart-sdk/bin/dartaotruntime /Users/md.shohanurrahaman/Documents/flutter/bin/cache/dart-sdk/bin/snapshots/frontend_server_aot.dart.snapshot --sdk-root /Users/md.shohanurrahaman/Documents/flutter/bin/cache/artifacts/engine/common/flutter_patched_sdk/ --incremental --no-print-incremental-dependencies --target=flutter --experimental-emit-debug-metadata -DFLUTTER_VERSION=3.35.7 -DFLUTTER_CHANNEL=stable -DFLUTTER_GIT_URL=https://github.com/flutter/flutter.git -DFLUTTER_FRAMEWORK_REVISION=adc9010625 -DFLUTTER_ENGINE_REVISION=035316565a -DFLUTTER_DART_VERSION=3.9.2 --output-dill /var/folders/yw/_64cp9jj5jz4537rj9sns_m40000gn/T/flutter_tools.heWoeP/flutter_test_compiler.4igvZF/output.dill --packages /Users/md.shohanurrahaman/Documents/shohan_project/portfolio/.dart_tool/package_config.json -Ddart.vm.profile=false -Ddart.vm.product=false --enable-asserts --track-widget-creation --initialize-from-dill /Users/md.shohanurrahaman/Documents/shohan_project/portfolio/build/test_cache/build/892b637c16d52470fb7b14b9d9897587.cache.dill.track.dill --verbosity=error
[   +6 ms] <- compile file:///var/folders/yw/_64cp9jj5jz4537rj9sns_m40000gn/T/flutter_tools.heWoeP/flutter_test_listener.iAUqtA/listener.dart
[ +801 ms] <- accept
[        ] <- reset
[        ] Compiling file:///var/folders/yw/_64cp9jj5jz4537rj9sns_m40000gn/T/flutter_tools.heWoeP/flutter_test_listener.iAUqtA/listener.dart took 833ms
[        ] test 0: starting test device
[   +1 ms] test 0: awaiting connection to test device
[        ] test 0: VM Service uri is not available
[   +1 ms] test 0: test harness socket server is running at port:53145
[   +1 ms] Using this directory for fonts configuration: /var/folders/yw/_64cp9jj5jz4537rj9sns_m40000gn/T/flutter_tools.heWoeP/flutter_test_fonts.m2hDFB
[   +2 ms] test 0: Starting flutter_tester process with command=[/Users/md.shohanurrahaman/Documents/flutter/bin/cache/artifacts/engine/darwin-x64/flutter_tester, --disable-vm-service, --enable-checked-mode, --verify-entry-points, --enable-software-rendering, --skia-deterministic-rendering, --enable-dart-profiling, --non-interactive, --use-test-fonts, --disable-asset-fonts, --packages=/Users/md.shohanurrahaman/Documents/shohan_project/portfolio/.dart_tool/package_config.json, --flutter-assets-dir=/Users/md.shohanurrahaman/Documents/shohan_project/portfolio/build/unit_test_assets, /var/folders/yw/_64cp9jj5jz4537rj9sns_m40000gn/T/flutter_tools.heWoeP/flutter_test_listener.iAUqtA/listener.dart.dill], environment={FLUTTER_TEST: true, FONTCONFIG_FILE: /var/folders/yw/_64cp9jj5jz4537rj9sns_m40000gn/T/flutter_tools.heWoeP/flutter_test_fonts.m2hDFB/fonts.conf, SERVER_PORT: 53145, APP_NAME: portfolio, UNIT_TEST_ASSETS: /Users/md.shohanurrahaman/Documents/shohan_project/portfolio/build/unit_test_assets}
[   +9 ms] test 0: Started flutter_tester process at pid 40503
00:01 +0: loading /Users/md.shohanurrahaman/Documents/shohan_project/portfolio/test/project_card_test.dart                                                                                             [ +426 ms] test 0: connected to test device, now awaiting test result
[        ] test 0: Waiting for test harness or tests to finish
00:01 +0: (setUpAll)                                                                                                                                                                                   00:01 +0: ProjectCard renders correctly                                                                                                                                                                00:01 +0: ProjectCard renders correctly                                                                                                                                                                
══╡ EXCEPTION CAUGHT BY WIDGETS LIBRARY ╞═══════════════════════════════════════════════════════════
The following UnimplementedError was thrown building ProjectCard(dirty, state:
_ProjectCardState#da211):
UnimplementedError

The relevant error-causing widget was:
  ProjectCard
  ProjectCard:file:///Users/md.shohanurrahaman/Documents/shohan_project/portfolio/test/project_card_test.dart:34:22

When the exception was thrown, this was the stack:
#0      Matrix4.translate (package:vector_math/src/vector_math_64/matrix4.dart:689:7)
#1      _ProjectCardState.build (package:portfolio/presentation/widgets/project_card.dart:30:42)
#2      StatefulElement.build (package:flutter/src/widgets/framework.dart:5833:27)
#3      ComponentElement.performRebuild (package:flutter/src/widgets/framework.dart:5723:15)
#4      StatefulElement.performRebuild (package:flutter/src/widgets/framework.dart:5884:11)
#5      Element.rebuild (package:flutter/src/widgets/framework.dart:5435:7)
#6      ComponentElement._firstBuild (package:flutter/src/widgets/framework.dart:5705:5)
#7      StatefulElement._firstBuild (package:flutter/src/widgets/framework.dart:5875:11)
#8      ComponentElement.mount (package:flutter/src/widgets/framework.dart:5699:5)
...     Normal element mounting (114 frames)
#122    Element.inflateWidget (package:flutter/src/widgets/framework.dart:4548:16)
#123    MultiChildRenderObjectElement.inflateWidget (package:flutter/src/widgets/framework.dart:7169:36)
#124    MultiChildRenderObjectElement.mount (package:flutter/src/widgets/framework.dart:7185:32)
...     Normal element mounting (338 frames)
#462    Element.inflateWidget (package:flutter/src/widgets/framework.dart:4548:16)
#463    MultiChildRenderObjectElement.inflateWidget (package:flutter/src/widgets/framework.dart:7169:36)
#464    MultiChildRenderObjectElement.mount (package:flutter/src/widgets/framework.dart:7185:32)
...     Normal element mounting (465 frames)
#929    Element.inflateWidget (package:flutter/src/widgets/framework.dart:4548:16)
#930    Element.updateChild (package:flutter/src/widgets/framework.dart:3998:20)
#931    ComponentElement.performRebuild (package:flutter/src/widgets/framework.dart:5747:16)
#932    Element.rebuild (package:flutter/src/widgets/framework.dart:5435:7)
#933    ProxyElement.update (package:flutter/src/widgets/framework.dart:6051:5)
#934    _InheritedNotifierElement.update (package:flutter/src/widgets/inherited_notifier.dart:108:11)
#935    Element.updateChild (package:flutter/src/widgets/framework.dart:3982:15)
#936    ComponentElement.performRebuild (package:flutter/src/widgets/framework.dart:5747:16)
#937    StatefulElement.performRebuild (package:flutter/src/widgets/framework.dart:5884:11)
#938    Element.rebuild (package:flutter/src/widgets/framework.dart:5435:7)
#939    StatefulElement.update (package:flutter/src/widgets/framework.dart:5909:5)
#940    Element.updateChild (package:flutter/src/widgets/framework.dart:3982:15)
#941    ComponentElement.performRebuild (package:flutter/src/widgets/framework.dart:5747:16)
#942    Element.rebuild (package:flutter/src/widgets/framework.dart:5435:7)
#943    ProxyElement.update (package:flutter/src/widgets/framework.dart:6051:5)
#944    _InheritedNotifierElement.update (package:flutter/src/widgets/inherited_notifier.dart:108:11)
#945    Element.updateChild (package:flutter/src/widgets/framework.dart:3982:15)
#946    ComponentElement.performRebuild (package:flutter/src/widgets/framework.dart:5747:16)
#947    StatefulElement.performRebuild (package:flutter/src/widgets/framework.dart:5884:11)
#948    Element.rebuild (package:flutter/src/widgets/framework.dart:5435:7)
#949    StatefulElement.update (package:flutter/src/widgets/framework.dart:5909:5)
#950    Element.updateChild (package:flutter/src/widgets/framework.dart:3982:15)
#951    ComponentElement.performRebuild (package:flutter/src/widgets/framework.dart:5747:16)
#952    StatefulElement.performRebuild (package:flutter/src/widgets/framework.dart:5884:11)
#953    Element.rebuild (package:flutter/src/widgets/framework.dart:5435:7)
#954    StatefulElement.update (package:flutter/src/widgets/framework.dart:5909:5)
#955    Element.updateChild (package:flutter/src/widgets/framework.dart:3982:15)
#956    ComponentElement.performRebuild (package:flutter/src/widgets/framework.dart:5747:16)
#957    Element.rebuild (package:flutter/src/widgets/framework.dart:5435:7)
#958    ProxyElement.update (package:flutter/src/widgets/framework.dart:6051:5)
#959    Element.updateChild (package:flutter/src/widgets/framework.dart:3982:15)
#960    ComponentElement.performRebuild (package:flutter/src/widgets/framework.dart:5747:16)
#961    StatefulElement.performRebuild (package:flutter/src/widgets/framework.dart:5884:11)
#962    Element.rebuild (package:flutter/src/widgets/framework.dart:5435:7)
#963    StatefulElement.update (package:flutter/src/widgets/framework.dart:5909:5)
#964    Element.updateChild (package:flutter/src/widgets/framework.dart:3982:15)
#965    ComponentElement.performRebuild (package:flutter/src/widgets/framework.dart:5747:16)
#966    Element.rebuild (package:flutter/src/widgets/framework.dart:5435:7)
#967    ProxyElement.update (package:flutter/src/widgets/framework.dart:6051:5)
#968    Element.updateChild (package:flutter/src/widgets/framework.dart:3982:15)
#969    ComponentElement.performRebuild (package:flutter/src/widgets/framework.dart:5747:16)
#970    Element.rebuild (package:flutter/src/widgets/framework.dart:5435:7)
#971    ProxyElement.update (package:flutter/src/widgets/framework.dart:6051:5)
#972    Element.updateChild (package:flutter/src/widgets/framework.dart:3982:15)
#973    _RawViewElement._updateChild (package:flutter/src/widgets/view.dart:481:16)
#974    _RawViewElement.update (package:flutter/src/widgets/view.dart:568:5)
#975    Element.updateChild (package:flutter/src/widgets/framework.dart:3982:15)
#976    ComponentElement.performRebuild (package:flutter/src/widgets/framework.dart:5747:16)
#977    Element.rebuild (package:flutter/src/widgets/framework.dart:5435:7)
#978    StatelessElement.update (package:flutter/src/widgets/framework.dart:5797:5)
#979    Element.updateChild (package:flutter/src/widgets/framework.dart:3982:15)
#980    ComponentElement.performRebuild (package:flutter/src/widgets/framework.dart:5747:16)
#981    StatefulElement.performRebuild (package:flutter/src/widgets/framework.dart:5884:11)
#982    Element.rebuild (package:flutter/src/widgets/framework.dart:5435:7)
#983    StatefulElement.update (package:flutter/src/widgets/framework.dart:5909:5)
#984    Element.updateChild (package:flutter/src/widgets/framework.dart:3982:15)
#985    RootElement._rebuild (package:flutter/src/widgets/binding.dart:1716:16)
#986    RootElement.update (package:flutter/src/widgets/binding.dart:1694:5)
#987    RootElement.performRebuild (package:flutter/src/widgets/binding.dart:1708:7)
#988    Element.rebuild (package:flutter/src/widgets/framework.dart:5435:7)
#989    BuildScope._tryRebuild (package:flutter/src/widgets/framework.dart:2695:15)
#990    BuildScope._flushDirtyElements (package:flutter/src/widgets/framework.dart:2752:11)
#991    BuildOwner.buildScope (package:flutter/src/widgets/framework.dart:3056:18)
#992    AutomatedTestWidgetsFlutterBinding.drawFrame (package:flutter_test/src/binding.dart:1506:19)
#993    RendererBinding._handlePersistentFrameCallback (package:flutter/src/rendering/binding.dart:495:5)
#994    SchedulerBinding._invokeFrameCallback (package:flutter/src/scheduler/binding.dart:1434:15)
#995    SchedulerBinding.handleDrawFrame (package:flutter/src/scheduler/binding.dart:1347:9)
#996    AutomatedTestWidgetsFlutterBinding.pump.<anonymous closure> (package:flutter_test/src/binding.dart:1335:9)
#999    TestAsyncUtils.guard (package:flutter_test/src/test_async_utils.dart:74:41)
#1000   AutomatedTestWidgetsFlutterBinding.pump (package:flutter_test/src/binding.dart:1324:27)
#1001   WidgetTester.pumpWidget.<anonymous closure> (package:flutter_test/src/widget_tester.dart:598:22)
#1004   TestAsyncUtils.guard (package:flutter_test/src/test_async_utils.dart:74:41)
#1005   WidgetTester.pumpWidget (package:flutter_test/src/widget_tester.dart:595:27)
#1006   main.<anonymous closure> (file:///Users/md.shohanurrahaman/Documents/shohan_project/portfolio/test/project_card_test.dart:28:18)
#1007   testWidgets.<anonymous closure>.<anonymous closure> (package:flutter_test/src/widget_tester.dart:192:29)
<asynchronous suspension>
#1008   TestWidgetsFlutterBinding._runTestBody (package:flutter_test/src/binding.dart:1059:5)
<asynchronous suspension>
<asynchronous suspension>
(elided 5 frames from dart:async and package:stack_trace)

════════════════════════════════════════════════════════════════════════════════════════════════════
══╡ EXCEPTION CAUGHT BY FLUTTER TEST FRAMEWORK ╞════════════════════════════════════════════════════
The following TestFailure was thrown running a test:
Expected: exactly one matching candidate
  Actual: _TextWidgetFinder:<Found 0 widgets with text "Test Project": []>
   Which: means none were found but one was expected

When the exception was thrown, this was the stack:
#4      main.<anonymous closure> (file:///Users/md.shohanurrahaman/Documents/shohan_project/portfolio/test/project_card_test.dart:42:5)
<asynchronous suspension>
#5      testWidgets.<anonymous closure>.<anonymous closure> (package:flutter_test/src/widget_tester.dart:192:15)
<asynchronous suspension>
#6      TestWidgetsFlutterBinding._runTestBody (package:flutter_test/src/binding.dart:1059:5)
<asynchronous suspension>
<asynchronous suspension>
(elided one frame from package:stack_trace)

This was caught by the test expectation on the following line:
  file:///Users/md.shohanurrahaman/Documents/shohan_project/portfolio/test/project_card_test.dart line 42
The test description was:
  ProjectCard renders correctly
════════════════════════════════════════════════════════════════════════════════════════════════════
══╡ EXCEPTION CAUGHT BY FLUTTER TEST FRAMEWORK ╞════════════════════════════════════════════════════
The following message was thrown:
Multiple exceptions (2) were detected during the running of the current test, and at least one was
unexpected.
════════════════════════════════════════════════════════════════════════════════════════════════════
00:01 +0 -1: ProjectCard renders correctly [E]                                                                                                                                                         
  Test failed. See exception logs above.
  The test description was: ProjectCard renders correctly
  

To run this test again: /Users/md.shohanurrahaman/Documents/flutter/bin/cache/dart-sdk/bin/dart test /Users/md.shohanurrahaman/Documents/shohan_project/portfolio/test/project_card_test.dart -p vm --plain-name 'ProjectCard renders correctly'
00:01 +0 -1: Tapping Read More opens ProjectDetailDialog                                                                                                                                               00:01 +0 -1: Tapping Read More opens ProjectDetailDialog                                                                                                                                               
══╡ EXCEPTION CAUGHT BY WIDGETS LIBRARY ╞═══════════════════════════════════════════════════════════
The following UnimplementedError was thrown building ProjectCard(dirty, state:
_ProjectCardState#0f93d):
UnimplementedError

The relevant error-causing widget was:
  ProjectCard
  ProjectCard:file:///Users/md.shohanurrahaman/Documents/shohan_project/portfolio/test/project_card_test.dart:59:22

When the exception was thrown, this was the stack:
#0      Matrix4.translate (package:vector_math/src/vector_math_64/matrix4.dart:689:7)
#1      _ProjectCardState.build (package:portfolio/presentation/widgets/project_card.dart:30:42)
#2      StatefulElement.build (package:flutter/src/widgets/framework.dart:5833:27)
#3      ComponentElement.performRebuild (package:flutter/src/widgets/framework.dart:5723:15)
#4      StatefulElement.performRebuild (package:flutter/src/widgets/framework.dart:5884:11)
#5      Element.rebuild (package:flutter/src/widgets/framework.dart:5435:7)
#6      ComponentElement._firstBuild (package:flutter/src/widgets/framework.dart:5705:5)
#7      StatefulElement._firstBuild (package:flutter/src/widgets/framework.dart:5875:11)
#8      ComponentElement.mount (package:flutter/src/widgets/framework.dart:5699:5)
...     Normal element mounting (114 frames)
#122    Element.inflateWidget (package:flutter/src/widgets/framework.dart:4548:16)
#123    MultiChildRenderObjectElement.inflateWidget (package:flutter/src/widgets/framework.dart:7169:36)
#124    MultiChildRenderObjectElement.mount (package:flutter/src/widgets/framework.dart:7185:32)
...     Normal element mounting (338 frames)
#462    Element.inflateWidget (package:flutter/src/widgets/framework.dart:4548:16)
#463    MultiChildRenderObjectElement.inflateWidget (package:flutter/src/widgets/framework.dart:7169:36)
#464    MultiChildRenderObjectElement.mount (package:flutter/src/widgets/framework.dart:7185:32)
...     Normal element mounting (465 frames)
#929    Element.inflateWidget (package:flutter/src/widgets/framework.dart:4548:16)
#930    Element.updateChild (package:flutter/src/widgets/framework.dart:3998:20)
#931    ComponentElement.performRebuild (package:flutter/src/widgets/framework.dart:5747:16)
#932    Element.rebuild (package:flutter/src/widgets/framework.dart:5435:7)
#933    ProxyElement.update (package:flutter/src/widgets/framework.dart:6051:5)
#934    _InheritedNotifierElement.update (package:flutter/src/widgets/inherited_notifier.dart:108:11)
#935    Element.updateChild (package:flutter/src/widgets/framework.dart:3982:15)
#936    ComponentElement.performRebuild (package:flutter/src/widgets/framework.dart:5747:16)
#937    StatefulElement.performRebuild (package:flutter/src/widgets/framework.dart:5884:11)
#938    Element.rebuild (package:flutter/src/widgets/framework.dart:5435:7)
#939    StatefulElement.update (package:flutter/src/widgets/framework.dart:5909:5)
#940    Element.updateChild (package:flutter/src/widgets/framework.dart:3982:15)
#941    ComponentElement.performRebuild (package:flutter/src/widgets/framework.dart:5747:16)
#942    Element.rebuild (package:flutter/src/widgets/framework.dart:5435:7)
#943    ProxyElement.update (package:flutter/src/widgets/framework.dart:6051:5)
#944    _InheritedNotifierElement.update (package:flutter/src/widgets/inherited_notifier.dart:108:11)
#945    Element.updateChild (package:flutter/src/widgets/framework.dart:3982:15)
#946    ComponentElement.performRebuild (package:flutter/src/widgets/framework.dart:5747:16)
#947    StatefulElement.performRebuild (package:flutter/src/widgets/framework.dart:5884:11)
#948    Element.rebuild (package:flutter/src/widgets/framework.dart:5435:7)
#949    StatefulElement.update (package:flutter/src/widgets/framework.dart:5909:5)
#950    Element.updateChild (package:flutter/src/widgets/framework.dart:3982:15)
#951    ComponentElement.performRebuild (package:flutter/src/widgets/framework.dart:5747:16)
#952    StatefulElement.performRebuild (package:flutter/src/widgets/framework.dart:5884:11)
#953    Element.rebuild (package:flutter/src/widgets/framework.dart:5435:7)
#954    StatefulElement.update (package:flutter/src/widgets/framework.dart:5909:5)
#955    Element.updateChild (package:flutter/src/widgets/framework.dart:3982:15)
#956    ComponentElement.performRebuild (package:flutter/src/widgets/framework.dart:5747:16)
#957    Element.rebuild (package:flutter/src/widgets/framework.dart:5435:7)
#958    ProxyElement.update (package:flutter/src/widgets/framework.dart:6051:5)
#959    Element.updateChild (package:flutter/src/widgets/framework.dart:3982:15)
#960    ComponentElement.performRebuild (package:flutter/src/widgets/framework.dart:5747:16)
#961    StatefulElement.performRebuild (package:flutter/src/widgets/framework.dart:5884:11)
#962    Element.rebuild (package:flutter/src/widgets/framework.dart:5435:7)
#963    StatefulElement.update (package:flutter/src/widgets/framework.dart:5909:5)
#964    Element.updateChild (package:flutter/src/widgets/framework.dart:3982:15)
#965    ComponentElement.performRebuild (package:flutter/src/widgets/framework.dart:5747:16)
#966    Element.rebuild (package:flutter/src/widgets/framework.dart:5435:7)
#967    ProxyElement.update (package:flutter/src/widgets/framework.dart:6051:5)
#968    Element.updateChild (package:flutter/src/widgets/framework.dart:3982:15)
#969    ComponentElement.performRebuild (package:flutter/src/widgets/framework.dart:5747:16)
#970    Element.rebuild (package:flutter/src/widgets/framework.dart:5435:7)
#971    ProxyElement.update (package:flutter/src/widgets/framework.dart:6051:5)
#972    Element.updateChild (package:flutter/src/widgets/framework.dart:3982:15)
#973    _RawViewElement._updateChild (package:flutter/src/widgets/view.dart:481:16)
#974    _RawViewElement.update (package:flutter/src/widgets/view.dart:568:5)
#975    Element.updateChild (package:flutter/src/widgets/framework.dart:3982:15)
#976    ComponentElement.performRebuild (package:flutter/src/widgets/framework.dart:5747:16)
#977    Element.rebuild (package:flutter/src/widgets/framework.dart:5435:7)
#978    StatelessElement.update (package:flutter/src/widgets/framework.dart:5797:5)
#979    Element.updateChild (package:flutter/src/widgets/framework.dart:3982:15)
#980    ComponentElement.performRebuild (package:flutter/src/widgets/framework.dart:5747:16)
#981    StatefulElement.performRebuild (package:flutter/src/widgets/framework.dart:5884:11)
#982    Element.rebuild (package:flutter/src/widgets/framework.dart:5435:7)
#983    StatefulElement.update (package:flutter/src/widgets/framework.dart:5909:5)
#984    Element.updateChild (package:flutter/src/widgets/framework.dart:3982:15)
#985    RootElement._rebuild (package:flutter/src/widgets/binding.dart:1716:16)
#986    RootElement.update (package:flutter/src/widgets/binding.dart:1694:5)
#987    RootElement.performRebuild (package:flutter/src/widgets/binding.dart:1708:7)
#988    Element.rebuild (package:flutter/src/widgets/framework.dart:5435:7)
#989    BuildScope._tryRebuild (package:flutter/src/widgets/framework.dart:2695:15)
#990    BuildScope._flushDirtyElements (package:flutter/src/widgets/framework.dart:2752:11)
#991    BuildOwner.buildScope (package:flutter/src/widgets/framework.dart:3056:18)
#992    AutomatedTestWidgetsFlutterBinding.drawFrame (package:flutter_test/src/binding.dart:1506:19)
#993    RendererBinding._handlePersistentFrameCallback (package:flutter/src/rendering/binding.dart:495:5)
#994    SchedulerBinding._invokeFrameCallback (package:flutter/src/scheduler/binding.dart:1434:15)
#995    SchedulerBinding.handleDrawFrame (package:flutter/src/scheduler/binding.dart:1347:9)
#996    AutomatedTestWidgetsFlutterBinding.pump.<anonymous closure> (package:flutter_test/src/binding.dart:1335:9)
#999    TestAsyncUtils.guard (package:flutter_test/src/test_async_utils.dart:74:41)
#1000   AutomatedTestWidgetsFlutterBinding.pump (package:flutter_test/src/binding.dart:1324:27)
#1001   WidgetTester.pumpWidget.<anonymous closure> (package:flutter_test/src/widget_tester.dart:598:22)
#1004   TestAsyncUtils.guard (package:flutter_test/src/test_async_utils.dart:74:41)
#1005   WidgetTester.pumpWidget (package:flutter_test/src/widget_tester.dart:595:27)
#1006   main.<anonymous closure> (file:///Users/md.shohanurrahaman/Documents/shohan_project/portfolio/test/project_card_test.dart:53:18)
#1007   testWidgets.<anonymous closure>.<anonymous closure> (package:flutter_test/src/widget_tester.dart:192:29)
<asynchronous suspension>
#1008   TestWidgetsFlutterBinding._runTestBody (package:flutter_test/src/binding.dart:1059:5)
<asynchronous suspension>
<asynchronous suspension>
(elided 5 frames from dart:async and package:stack_trace)

════════════════════════════════════════════════════════════════════════════════════════════════════
══╡ EXCEPTION CAUGHT BY FLUTTER TEST FRAMEWORK ╞════════════════════════════════════════════════════
The following TestFailure was thrown running a test:
Expected: exactly one matching candidate
  Actual: _TextWidgetFinder:<Found 0 widgets with text "Read More": []>
   Which: means none were found but one was expected

When the exception was thrown, this was the stack:
#4      main.<anonymous closure> (file:///Users/md.shohanurrahaman/Documents/shohan_project/portfolio/test/project_card_test.dart:68:5)
<asynchronous suspension>
#5      testWidgets.<anonymous closure>.<anonymous closure> (package:flutter_test/src/widget_tester.dart:192:15)
<asynchronous suspension>
#6      TestWidgetsFlutterBinding._runTestBody (package:flutter_test/src/binding.dart:1059:5)
<asynchronous suspension>
<asynchronous suspension>
(elided one frame from package:stack_trace)

This was caught by the test expectation on the following line:
  file:///Users/md.shohanurrahaman/Documents/shohan_project/portfolio/test/project_card_test.dart line 68
The test description was:
  Tapping Read More opens ProjectDetailDialog
════════════════════════════════════════════════════════════════════════════════════════════════════
══╡ EXCEPTION CAUGHT BY FLUTTER TEST FRAMEWORK ╞════════════════════════════════════════════════════
The following message was thrown:
Multiple exceptions (2) were detected during the running of the current test, and at least one was
unexpected.
════════════════════════════════════════════════════════════════════════════════════════════════════
00:01 +0 -2: Tapping Read More opens ProjectDetailDialog [E]                                                                                                                                           
  Test failed. See exception logs above.
  The test description was: Tapping Read More opens ProjectDetailDialog
  

To run this test again: /Users/md.shohanurrahaman/Documents/flutter/bin/cache/dart-sdk/bin/dart test /Users/md.shohanurrahaman/Documents/shohan_project/portfolio/test/project_card_test.dart -p vm --plain-name 'Tapping Read More opens ProjectDetailDialog'
00:01 +0 -2: (tearDownAll)                                                                                                                                                                             [ +504 ms] test 0: Test harness is no longer needed by test process
[        ] test 0: finished
[        ] test 0: cleaning up...
[        ] test 0: ensuring test device is terminated.
[        ] test 0: Terminating flutter_tester process
[        ] test 0: Shutting down DevTools server
[        ] test 0: Test process is no longer needed by test harness
[        ] test 0: Shutting down test harness socket server
[   +5 ms] test 0: flutter_tester process at pid 40503 exited with code=-9
[        ] test 0: deleting temporary directory
[   +3 ms] test 0: finished
00:01 +0 -2: Some tests failed.                                                                                                                                                                        
[   +2 ms] Deleting /var/folders/yw/_64cp9jj5jz4537rj9sns_m40000gn/T/flutter_tools.heWoeP/flutter_test_compiler.4igvZF...
[   +3 ms] killing pid 40502
[  +15 ms] Deleting /var/folders/yw/_64cp9jj5jz4537rj9sns_m40000gn/T/flutter_tools.heWoeP/flutter_test_fonts.m2hDFB...
[   +1 ms] test package returned with exit code 1
[        ] Runtime for phase TestRunner: Wall-clock: 0:00:01.895521; combined: 0:00:01.895536.
[        ] Runtime for phase Compile: Wall-clock: 0:00:00.834005; combined: 0:00:00.834015.
[        ] Runtime for phase Run: Wall-clock: 0:00:00.946254; combined: 0:00:00.946255.
[        ] Runtime for phase CoverageTotal: Wall-clock: 0:00:00.000000; combined: 0:00:00.000000.
[        ] Runtime for phase CoverageCollect: Wall-clock: 0:00:00.000000; combined: 0:00:00.000000.
[        ] Runtime for phase CoverageParseJson: Wall-clock: 0:00:00.000000; combined: 0:00:00.000000.
[        ] Runtime for phase CoverageAddHitmap: Wall-clock: 0:00:00.000000; combined: 0:00:00.000000.
[        ] Runtime for phase CoverageDataCollect: Wall-clock: 0:00:00.000000; combined: 0:00:00.000000.
[        ] Runtime for phase WatcherFinishedTest: Wall-clock: 0:00:00.000232; combined: 0:00:00.000232.
[        ] "flutter test" took 2,779ms.
[   +2 ms] executing: sw_vers -productName
[  +10 ms] Exit code 0 from: sw_vers -productName
[        ] macOS
[        ] executing: sw_vers -productVersion
[   +8 ms] Exit code 0 from: sw_vers -productVersion
[        ] 15.4.1
[        ] executing: sw_vers -buildVersion
[   +8 ms] Exit code 0 from: sw_vers -buildVersion
[        ] 24E263
[        ] executing: uname -m
[   +3 ms] Exit code 0 from: uname -m
[        ] arm64
[  +33 ms] 
           #0      throwToolExit (package:flutter_tools/src/base/common.dart:34:3)
           #1      TestCommand.runCommand (package:flutter_tools/src/commands/test.dart:714:7)
           <asynchronous suspension>
           #2      FlutterCommand.run.<anonymous closure> (package:flutter_tools/src/runner/flutter_command.dart:1581:27)
           <asynchronous suspension>
           #3      AppContext.run.<anonymous closure> (package:flutter_tools/src/base/context.dart:154:19)
           <asynchronous suspension>
           #4      CommandRunner.runCommand (package:args/command_runner.dart:212:13)
           <asynchronous suspension>
           #5      FlutterCommandRunner.runCommand.<anonymous closure> (package:flutter_tools/src/runner/flutter_command_runner.dart:503:9)
           <asynchronous suspension>
           #6      AppContext.run.<anonymous closure> (package:flutter_tools/src/base/context.dart:154:19)
           <asynchronous suspension>
           #7      FlutterCommandRunner.runCommand (package:flutter_tools/src/runner/flutter_command_runner.dart:438:5)
           <asynchronous suspension>
           #8      run.<anonymous closure>.<anonymous closure> (package:flutter_tools/runner.dart:98:11)
           <asynchronous suspension>
           #9      AppContext.run.<anonymous closure> (package:flutter_tools/src/base/context.dart:154:19)
           <asynchronous suspension>
           #10     main (package:flutter_tools/executable.dart:101:3)
           <asynchronous suspension>


[        ] Running 3 shutdown hooks
[   +1 ms] Shutdown hooks complete
[ +189 ms] exiting with code 1
